10.2.150.101 - - [22/Sep/2017:05:34:39 +0000] "GET /sensor_info HTTP/1.1" 200 16 "https://raspberrypi.local/seguimiento" "Mozilla/5.0 (X11; Linux armv7l) AppleWebKit/537.36 (KHTML, like Gecko) Chrome/60.0.3112.89 Safari/537.36"
10.2.150.118 - - [22/Sep/2017:05:34:41 +0000] "GET /sensor_info HTTP/1.1" 200 16 "https://raspberrypi.local/seguimiento" "Mozilla/5.0 (X11; Linux x86_64) AppleWebKit/537.36 (KHTML, like Gecko) Chrome/61.0.3163.91 Safari/537.36"
10.2.150.101 - - [22/Sep/2017:05:34:41 +0000] "GET /sensor_info HTTP/1.1" 200 16 "https://raspberrypi.local/seguimiento" "Mozilla/5.0 (X11; Linux armv7l) AppleWebKit/537.36 (KHTML, like Gecko) Chrome/60.0.3112.89 Safari/537.36"
10.2.150.118 - - [22/Sep/2017:05:34:43 +0000] "GET /sensor_info HTTP/1.1" 200 16 "https://raspberrypi.local/seguimiento" "Mozilla/5.0 (X11; Linux x86_64) AppleWebKit/537.36 (KHTML, like Gecko) Chrome/61.0.3163.91 Safari/537.36"
10.2.150.101 - - [22/Sep/2017:05:34:43 +0000] "GET /sensor_info HTTP/1.1" 200 16 "https://raspberrypi.local/seguimiento" "Mozilla/5.0 (X11; Linux armv7l) AppleWebKit/537.36 (KHTML, like Gecko) Chrome/60.0.3112.89 Safari/537.36"
10.2.150.118 - - [22/Sep/2017:05:34:45 +0000] "GET /sensor_info HTTP/1.1" 200 16 "https://raspberrypi.local/seguimiento" "Mozilla/5.0 (X11; Linux x86_64) AppleWebKit/537.36 (KHTML, like Gecko) Chrome/61.0.3163.91 Safari/537.36"
10.2.150.101 - - [22/Sep/2017:05:34:45 +0000] "GET /sensor_info HTTP/1.1" 200 16 "https://raspberrypi.local/seguimiento" "Mozilla/5.0 (X11; Linux armv7l) AppleWebKit/537.36 (KHTML, like Gecko) Chrome/60.0.3112.89 Safari/537.36"
10.2.150.118 - - [22/Sep/2017:05:34:47 +0000] "GET /sensor_info HTTP/1.1" 200 16 "https://raspberrypi.local/seguimiento" "Mozilla/5.0 (X11; Linux x86_64) AppleWebKit/537.36 (KHTML, like Gecko) Chrome/61.0.3163.91 Safari/537.36"
10.2.150.101 - - [22/Sep/2017:05:34:47 +0000] "GET /sensor_info HTTP/1.1" 200 16 "https://raspberrypi.local/seguimiento" "Mozilla/5.0 (X11; Linux armv7l) AppleWebKit/537.36 (KHTML, like Gecko) Chrome/60.0.3112.89 Safari/537.36"
10.2.150.118 - - [22/Sep/2017:05:34:49 +0000] "GET /sensor_info HTTP/1.1" 200 16 "https://raspberrypi.local/seguimiento" "Mozilla/5.0 (X11; Linux x86_64) AppleWebKit/537.36 (KHTML, like Gecko) Chrome/61.0.3163.91 Safari/537.36"
10.2.150.101 - - [22/Sep/2017:05:34:49 +0000] "GET /sensor_info HTTP/1.1" 200 16 "https://raspberrypi.local/seguimiento" "Mozilla/5.0 (X11; Linux armv7l) AppleWebKit/537.36 (KHTML, like Gecko) Chrome/60.0.3112.89 Safari/537.36"
10.2.150.118 - - [22/Sep/2017:05:34:51 +0000] "GET /sensor_info HTTP/1.1" 200 16 "https://raspberrypi.local/seguimiento" "Mozilla/5.0 (X11; Linux x86_64) AppleWebKit/537.36 (KHTML, like Gecko) Chrome/61.0.3163.91 Safari/537.36"
10.2.150.101 - - [22/Sep/2017:05:34:51 +0000] "GET /sensor_info HTTP/1.1" 200 16 "https://raspberrypi.local/seguimiento" "Mozilla/5.0 (X11; Linux armv7l) AppleWebKit/537.36 (KHTML, like Gecko) Chrome/60.0.3112.89 Safari/537.36"
10.2.150.118 - - [22/Sep/2017:05:34:53 +0000] "GET /sensor_info HTTP/1.1" 200 16 "https://raspberrypi.local/seguimiento" "Mozilla/5.0 (X11; Linux x86_64) AppleWebKit/537.36 (KHTML, like Gecko) Chrome/61.0.3163.91 Safari/537.36"
10.2.150.101 - - [22/Sep/2017:05:34:53 +0000] "GET /sensor_info HTTP/1.1" 200 16 "https://raspberrypi.local/seguimiento" "Mozilla/5.0 (X11; Linux armv7l) AppleWebKit/537.36 (KHTML, like Gecko) Chrome/60.0.3112.89 Safari/537.36"
10.2.150.118 - - [22/Sep/2017:05:34:55 +0000] "GET /sensor_info HTTP/1.1" 200 16 "https://raspberrypi.local/seguimiento" "Mozilla/5.0 (X11; Linux x86_64) AppleWebKit/537.36 (KHTML, like Gecko) Chrome/61.0.3163.91 Safari/537.36"
10.2.150.101 - - [22/Sep/2017:05:34:55 +0000] "GET /sensor_info HTTP/1.1" 200 16 "https://raspberrypi.local/seguimiento" "Mozilla/5.0 (X11; Linux armv7l) AppleWebKit/537.36 (KHTML, like Gecko) Chrome/60.0.3112.89 Safari/537.36"
10.2.150.118 - - [22/Sep/2017:05:34:57 +0000] "GET /sensor_info HTTP/1.1" 200 16 "https://raspberrypi.local/seguimiento" "Mozilla/5.0 (X11; Linux x86_64) AppleWebKit/537.36 (KHTML, like Gecko) Chrome/61.0.3163.91 Safari/537.36"
10.2.150.101 - - [22/Sep/2017:05:34:57 +0000] "GET /sensor_info HTTP/1.1" 200 16 "https://raspberrypi.local/seguimiento" "Mozilla/5.0 (X11; Linux armv7l) AppleWebKit/537.36 (KHTML, like Gecko) Chrome/60.0.3112.89 Safari/537.36"
10.2.150.118 - - [22/Sep/2017:05:34:59 +0000] "GET /sensor_info HTTP/1.1" 200 16 "https://raspberrypi.local/seguimiento" "Mozilla/5.0 (X11; Linux x86_64) AppleWebKit/537.36 (KHTML, like Gecko) Chrome/61.0.3163.91 Safari/537.36"
10.2.150.101 - - [22/Sep/2017:05:34:59 +0000] "GET /sensor_info HTTP/1.1" 200 16 "https://raspberrypi.local/seguimiento" "Mozilla/5.0 (X11; Linux armv7l) AppleWebKit/537.36 (KHTML, like Gecko) Chrome/60.0.3112.89 Safari/537.36"
10.2.150.118 - - [22/Sep/2017:05:35:00 +0000] "GET /seguimiento HTTP/1.1" 200 6624 "https://raspberrypi.local/" "Mozilla/5.0 (X11; Linux x86_64) AppleWebKit/537.36 (KHTML, like Gecko) Chrome/61.0.3163.91 Safari/537.36"
10.2.150.118 - - [22/Sep/2017:05:35:00 +0000] "GET /stylesheets/foundation.css HTTP/1.1" 200 157023 "https://raspberrypi.local/seguimiento" "Mozilla/5.0 (X11; Linux x86_64) AppleWebKit/537.36 (KHTML, like Gecko) Chrome/61.0.3163.91 Safari/537.36"
10.2.150.118 - - [22/Sep/2017:05:35:01 +0000] "GET /stylesheets/custom.css HTTP/1.1" 200 741 "https://raspberrypi.local/seguimiento" "Mozilla/5.0 (X11; Linux x86_64) AppleWebKit/537.36 (KHTML, like Gecko) Chrome/61.0.3163.91 Safari/537.36"
10.2.150.101 - - [22/Sep/2017:05:35:01 +0000] "GET /sensor_info HTTP/1.1" 200 16 "https://raspberrypi.local/seguimiento" "Mozilla/5.0 (X11; Linux armv7l) AppleWebKit/537.36 (KHTML, like Gecko) Chrome/60.0.3112.89 Safari/537.36"
10.2.150.118 - - [22/Sep/2017:05:35:03 +0000] "GET /sensor_info HTTP/1.1" 200 16 "https://raspberrypi.local/seguimiento" "Mozilla/5.0 (X11; Linux x86_64) AppleWebKit/537.36 (KHTML, like Gecko) Chrome/61.0.3163.91 Safari/537.36"
10.2.150.101 - - [22/Sep/2017:05:35:03 +0000] "GET /sensor_info HTTP/1.1" 200 16 "https://raspberrypi.local/seguimiento" "Mozilla/5.0 (X11; Linux armv7l) AppleWebKit/537.36 (KHTML, like Gecko) Chrome/60.0.3112.89 Safari/537.36"
10.2.150.118 - - [22/Sep/2017:05:35:05 +0000] "GET /sensor_info HTTP/1.1" 200 16 "https://raspberrypi.local/seguimiento" "Mozilla/5.0 (X11; Linux x86_64) AppleWebKit/537.36 (KHTML, like Gecko) Chrome/61.0.3163.91 Safari/537.36"
10.2.150.101 - - [22/Sep/2017:05:35:05 +0000] "GET /sensor_info HTTP/1.1" 200 16 "https://raspberrypi.local/seguimiento" "Mozilla/5.0 (X11; Linux armv7l) AppleWebKit/537.36 (KHTML, like Gecko) Chrome/60.0.3112.89 Safari/537.36"
10.2.150.118 - - [22/Sep/2017:05:35:07 +0000] "GET /sensor_info HTTP/1.1" 200 16 "https://raspberrypi.local/seguimiento" "Mozilla/5.0 (X11; Linux x86_64) AppleWebKit/537.36 (KHTML, like Gecko) Chrome/61.0.3163.91 Safari/537.36"
10.2.150.101 - - [22/Sep/2017:05:35:07 +0000] "GET /sensor_info HTTP/1.1" 200 16 "https://raspberrypi.local/seguimiento" "Mozilla/5.0 (X11; Linux armv7l) AppleWebKit/537.36 (KHTML, like Gecko) Chrome/60.0.3112.89 Safari/537.36"
10.2.150.118 - - [22/Sep/2017:05:35:09 +0000] "GET /sensor_info HTTP/1.1" 200 16 "https://raspberrypi.local/seguimiento" "Mozilla/5.0 (X11; Linux x86_64) AppleWebKit/537.36 (KHTML, like Gecko) Chrome/61.0.3163.91 Safari/537.36"
10.2.150.101 - - [22/Sep/2017:05:35:09 +0000] "GET /sensor_info HTTP/1.1" 200 16 "https://raspberrypi.local/seguimiento" "Mozilla/5.0 (X11; Linux armv7l) AppleWebKit/537.36 (KHTML, like Gecko) Chrome/60.0.3112.89 Safari/537.36"
10.2.150.118 - - [22/Sep/2017:05:35:11 +0000] "GET /sensor_info HTTP/1.1" 200 16 "https://raspberrypi.local/seguimiento" "Mozilla/5.0 (X11; Linux x86_64) AppleWebKit/537.36 (KHTML, like Gecko) Chrome/61.0.3163.91 Safari/537.36"
10.2.150.101 - - [22/Sep/2017:05:35:11 +0000] "GET /sensor_info HTTP/1.1" 200 16 "https://raspberrypi.local/seguimiento" "Mozilla/5.0 (X11; Linux armv7l) AppleWebKit/537.36 (KHTML, like Gecko) Chrome/60.0.3112.89 Safari/537.36"
10.2.150.118 - - [22/Sep/2017:05:35:13 +0000] "GET /sensor_info HTTP/1.1" 200 16 "https://raspberrypi.local/seguimiento" "Mozilla/5.0 (X11; Linux x86_64) AppleWebKit/537.36 (KHTML, like Gecko) Chrome/61.0.3163.91 Safari/537.36"
10.2.150.101 - - [22/Sep/2017:05:35:13 +0000] "GET /sensor_info HTTP/1.1" 200 16 "https://raspberrypi.local/seguimiento" "Mozilla/5.0 (X11; Linux armv7l) AppleWebKit/537.36 (KHTML, like Gecko) Chrome/60.0.3112.89 Safari/537.36"
10.2.150.118 - - [22/Sep/2017:05:35:15 +0000] "GET /sensor_info HTTP/1.1" 200 16 "https://raspberrypi.local/seguimiento" "Mozilla/5.0 (X11; Linux x86_64) AppleWebKit/537.36 (KHTML, like Gecko) Chrome/61.0.3163.91 Safari/537.36"
10.2.150.101 - - [22/Sep/2017:05:35:15 +0000] "GET /sensor_info HTTP/1.1" 200 16 "https://raspberrypi.local/seguimiento" "Mozilla/5.0 (X11; Linux armv7l) AppleWebKit/537.36 (KHTML, like Gecko) Chrome/60.0.3112.89 Safari/537.36"
10.2.150.101 - - [22/Sep/2017:05:35:17 +0000] "GET /sensor_info HTTP/1.1" 200 16 "https://raspberrypi.local/seguimiento" "Mozilla/5.0 (X11; Linux armv7l) AppleWebKit/537.36 (KHTML, like Gecko) Chrome/60.0.3112.89 Safari/537.36"
10.2.150.101 - - [22/Sep/2017:05:35:19 +0000] "GET /sensor_info HTTP/1.1" 200 16 "https://raspberrypi.local/seguimiento" "Mozilla/5.0 (X11; Linux armv7l) AppleWebKit/537.36 (KHTML, like Gecko) Chrome/60.0.3112.89 Safari/537.36"
10.2.150.118 - - [22/Sep/2017:05:35:20 +0000] "GET / HTTP/1.1" 200 2397 "-" "Mozilla/5.0 (X11; Linux x86_64) AppleWebKit/537.36 (KHTML, like Gecko) Chrome/61.0.3163.91 Safari/537.36"
10.2.150.118 - - [22/Sep/2017:05:35:20 +0000] "GET /stylesheets/foundation.css HTTP/1.1" 200 157023 "https://raspberrypi.local/" "Mozilla/5.0 (X11; Linux x86_64) AppleWebKit/537.36 (KHTML, like Gecko) Chrome/61.0.3163.91 Safari/537.36"
10.2.150.118 - - [22/Sep/2017:05:35:20 +0000] "GET /stylesheets/custom.css HTTP/1.1" 200 741 "https://raspberrypi.local/" "Mozilla/5.0 (X11; Linux x86_64) AppleWebKit/537.36 (KHTML, like Gecko) Chrome/61.0.3163.91 Safari/537.36"
10.2.150.118 - - [22/Sep/2017:05:35:20 +0000] "GET /javascripts/vendor/modernizr.js HTTP/1.1" 200 11262 "https://raspberrypi.local/" "Mozilla/5.0 (X11; Linux x86_64) AppleWebKit/537.36 (KHTML, like Gecko) Chrome/61.0.3163.91 Safari/537.36"
10.2.150.118 - - [22/Sep/2017:05:35:20 +0000] "GET /javascripts/jquery.js HTTP/1.1" 200 84245 "https://raspberrypi.local/" "Mozilla/5.0 (X11; Linux x86_64) AppleWebKit/537.36 (KHTML, like Gecko) Chrome/61.0.3163.91 Safari/537.36"
10.2.150.118 - - [22/Sep/2017:05:35:20 +0000] "GET /images/logo.png HTTP/1.1" 200 22553 "https://raspberrypi.local/" "Mozilla/5.0 (X11; Linux x86_64) AppleWebKit/537.36 (KHTML, like Gecko) Chrome/61.0.3163.91 Safari/537.36"
10.2.150.118 - - [22/Sep/2017:05:35:20 +0000] "GET /javascripts/vendor/jquery.js HTTP/1.1" 200 84621 "https://raspberrypi.local/" "Mozilla/5.0 (X11; Linux x86_64) AppleWebKit/537.36 (KHTML, like Gecko) Chrome/61.0.3163.91 Safari/537.36"
10.2.150.118 - - [22/Sep/2017:05:35:20 +0000] "GET /javascripts/foundation.min.js HTTP/1.1" 200 92525 "https://raspberrypi.local/" "Mozilla/5.0 (X11; Linux x86_64) AppleWebKit/537.36 (KHTML, like Gecko) Chrome/61.0.3163.91 Safari/537.36"
10.2.150.118 - - [22/Sep/2017:05:35:20 +0000] "GET /favicon.ico HTTP/1.1" 404 18 "https://raspberrypi.local/" "Mozilla/5.0 (X11; Linux x86_64) AppleWebKit/537.36 (KHTML, like Gecko) Chrome/61.0.3163.91 Safari/537.36"
10.2.150.101 - - [22/Sep/2017:05:35:21 +0000] "GET /sensor_info HTTP/1.1" 200 16 "https://raspberrypi.local/seguimiento" "Mozilla/5.0 (X11; Linux armv7l) AppleWebKit/537.36 (KHTML, like Gecko) Chrome/60.0.3112.89 Safari/537.36"
10.2.150.118 - - [22/Sep/2017:05:35:22 +0000] "GET /seguimiento HTTP/1.1" 200 6624 "https://raspberrypi.local/" "Mozilla/5.0 (X11; Linux x86_64) AppleWebKit/537.36 (KHTML, like Gecko) Chrome/61.0.3163.91 Safari/537.36"
10.2.150.118 - - [22/Sep/2017:05:35:22 +0000] "GET /stylesheets/custom.css HTTP/1.1" 200 741 "https://raspberrypi.local/seguimiento" "Mozilla/5.0 (X11; Linux x86_64) AppleWebKit/537.36 (KHTML, like Gecko) Chrome/61.0.3163.91 Safari/537.36"
10.2.150.118 - - [22/Sep/2017:05:35:22 +0000] "GET /stylesheets/foundation.css HTTP/1.1" 200 157023 "https://raspberrypi.local/seguimiento" "Mozilla/5.0 (X11; Linux x86_64) AppleWebKit/537.36 (KHTML, like Gecko) Chrome/61.0.3163.91 Safari/537.36"
10.2.150.101 - - [22/Sep/2017:05:35:23 +0000] "GET /sensor_info HTTP/1.1" 200 16 "https://raspberrypi.local/seguimiento" "Mozilla/5.0 (X11; Linux armv7l) AppleWebKit/537.36 (KHTML, like Gecko) Chrome/60.0.3112.89 Safari/537.36"
10.2.150.118 - - [22/Sep/2017:05:35:24 +0000] "GET /sensor_info HTTP/1.1" 200 16 "https://raspberrypi.local/seguimiento" "Mozilla/5.0 (X11; Linux x86_64) AppleWebKit/537.36 (KHTML, like Gecko) Chrome/61.0.3163.91 Safari/537.36"
10.2.150.101 - - [22/Sep/2017:05:35:25 +0000] "GET /sensor_info HTTP/1.1" 200 16 "https://raspberrypi.local/seguimiento" "Mozilla/5.0 (X11; Linux armv7l) AppleWebKit/537.36 (KHTML, like Gecko) Chrome/60.0.3112.89 Safari/537.36"
10.2.150.118 - - [22/Sep/2017:05:35:26 +0000] "GET /sensor_info HTTP/1.1" 200 16 "https://raspberrypi.local/seguimiento" "Mozilla/5.0 (X11; Linux x86_64) AppleWebKit/537.36 (KHTML, like Gecko) Chrome/61.0.3163.91 Safari/537.36"
10.2.150.101 - - [22/Sep/2017:05:35:27 +0000] "GET /sensor_info HTTP/1.1" 200 16 "https://raspberrypi.local/seguimiento" "Mozilla/5.0 (X11; Linux armv7l) AppleWebKit/537.36 (KHTML, like Gecko) Chrome/60.0.3112.89 Safari/537.36"
10.2.150.118 - - [22/Sep/2017:05:35:28 +0000] "GET /sensor_info HTTP/1.1" 200 16 "https://raspberrypi.local/seguimiento" "Mozilla/5.0 (X11; Linux x86_64) AppleWebKit/537.36 (KHTML, like Gecko) Chrome/61.0.3163.91 Safari/537.36"
10.2.150.101 - - [22/Sep/2017:05:35:29 +0000] "GET /sensor_info HTTP/1.1" 200 16 "https://raspberrypi.local/seguimiento" "Mozilla/5.0 (X11; Linux armv7l) AppleWebKit/537.36 (KHTML, like Gecko) Chrome/60.0.3112.89 Safari/537.36"
10.2.150.118 - - [22/Sep/2017:05:35:31 +0000] "GET /sensor_info HTTP/1.1" 200 16 "https://raspberrypi.local/seguimiento" "Mozilla/5.0 (X11; Linux x86_64) AppleWebKit/537.36 (KHTML, like Gecko) Chrome/61.0.3163.91 Safari/537.36"
10.2.150.101 - - [22/Sep/2017:05:35:31 +0000] "GET /sensor_info HTTP/1.1" 200 16 "https://raspberrypi.local/seguimiento" "Mozilla/5.0 (X11; Linux armv7l) AppleWebKit/537.36 (KHTML, like Gecko) Chrome/60.0.3112.89 Safari/537.36"
10.2.150.118 - - [22/Sep/2017:05:35:33 +0000] "GET /sensor_info HTTP/1.1" 200 16 "https://raspberrypi.local/seguimiento" "Mozilla/5.0 (X11; Linux x86_64) AppleWebKit/537.36 (KHTML, like Gecko) Chrome/61.0.3163.91 Safari/537.36"
10.2.150.101 - - [22/Sep/2017:05:35:33 +0000] "GET /sensor_info HTTP/1.1" 200 16 "https://raspberrypi.local/seguimiento" "Mozilla/5.0 (X11; Linux armv7l) AppleWebKit/537.36 (KHTML, like Gecko) Chrome/60.0.3112.89 Safari/537.36"
10.2.150.118 - - [22/Sep/2017:05:35:35 +0000] "GET /sensor_info HTTP/1.1" 200 16 "https://raspberrypi.local/seguimiento" "Mozilla/5.0 (X11; Linux x86_64) AppleWebKit/537.36 (KHTML, like Gecko) Chrome/61.0.3163.91 Safari/537.36"
10.2.150.101 - - [22/Sep/2017:05:35:35 +0000] "GET /sensor_info HTTP/1.1" 200 16 "https://raspberrypi.local/seguimiento" "Mozilla/5.0 (X11; Linux armv7l) AppleWebKit/537.36 (KHTML, like Gecko) Chrome/60.0.3112.89 Safari/537.36"
10.2.150.118 - - [22/Sep/2017:05:35:37 +0000] "GET /sensor_info HTTP/1.1" 200 16 "https://raspberrypi.local/seguimiento" "Mozilla/5.0 (X11; Linux x86_64) AppleWebKit/537.36 (KHTML, like Gecko) Chrome/61.0.3163.91 Safari/537.36"
10.2.150.101 - - [22/Sep/2017:05:35:37 +0000] "GET /sensor_info HTTP/1.1" 200 16 "https://raspberrypi.local/seguimiento" "Mozilla/5.0 (X11; Linux armv7l) AppleWebKit/537.36 (KHTML, like Gecko) Chrome/60.0.3112.89 Safari/537.36"
10.2.150.118 - - [22/Sep/2017:05:35:39 +0000] "GET /sensor_info HTTP/1.1" 200 16 "https://raspberrypi.local/seguimiento" "Mozilla/5.0 (X11; Linux x86_64) AppleWebKit/537.36 (KHTML, like Gecko) Chrome/61.0.3163.91 Safari/537.36"
10.2.150.101 - - [22/Sep/2017:05:35:39 +0000] "GET /sensor_info HTTP/1.1" 200 16 "https://raspberrypi.local/seguimiento" "Mozilla/5.0 (X11; Linux armv7l) AppleWebKit/537.36 (KHTML, like Gecko) Chrome/60.0.3112.89 Safari/537.36"
10.2.150.118 - - [22/Sep/2017:05:35:41 +0000] "GET /sensor_info HTTP/1.1" 200 16 "https://raspberrypi.local/seguimiento" "Mozilla/5.0 (X11; Linux x86_64) AppleWebKit/537.36 (KHTML, like Gecko) Chrome/61.0.3163.91 Safari/537.36"
10.2.150.101 - - [22/Sep/2017:05:35:41 +0000] "GET /sensor_info HTTP/1.1" 200 16 "https://raspberrypi.local/seguimiento" "Mozilla/5.0 (X11; Linux armv7l) AppleWebKit/537.36 (KHTML, like Gecko) Chrome/60.0.3112.89 Safari/537.36"
10.2.150.118 - - [22/Sep/2017:05:35:43 +0000] "GET /sensor_info HTTP/1.1" 200 16 "https://raspberrypi.local/seguimiento" "Mozilla/5.0 (X11; Linux x86_64) AppleWebKit/537.36 (KHTML, like Gecko) Chrome/61.0.3163.91 Safari/537.36"
10.2.150.101 - - [22/Sep/2017:05:35:43 +0000] "GET /sensor_info HTTP/1.1" 200 16 "https://raspberrypi.local/seguimiento" "Mozilla/5.0 (X11; Linux armv7l) AppleWebKit/537.36 (KHTML, like Gecko) Chrome/60.0.3112.89 Safari/537.36"
10.2.150.118 - - [22/Sep/2017:05:35:45 +0000] "GET /sensor_info HTTP/1.1" 200 16 "https://raspberrypi.local/seguimiento" "Mozilla/5.0 (X11; Linux x86_64) AppleWebKit/537.36 (KHTML, like Gecko) Chrome/61.0.3163.91 Safari/537.36"
10.2.150.101 - - [22/Sep/2017:05:35:45 +0000] "GET /sensor_info HTTP/1.1" 200 16 "https://raspberrypi.local/seguimiento" "Mozilla/5.0 (X11; Linux armv7l) AppleWebKit/537.36 (KHTML, like Gecko) Chrome/60.0.3112.89 Safari/537.36"
10.2.150.118 - - [22/Sep/2017:05:35:47 +0000] "GET /sensor_info HTTP/1.1" 200 16 "https://raspberrypi.local/seguimiento" "Mozilla/5.0 (X11; Linux x86_64) AppleWebKit/537.36 (KHTML, like Gecko) Chrome/61.0.3163.91 Safari/537.36"
10.2.150.101 - - [22/Sep/2017:05:35:47 +0000] "GET /sensor_info HTTP/1.1" 200 16 "https://raspberrypi.local/seguimiento" "Mozilla/5.0 (X11; Linux armv7l) AppleWebKit/537.36 (KHTML, like Gecko) Chrome/60.0.3112.89 Safari/537.36"
10.2.150.118 - - [22/Sep/2017:05:35:49 +0000] "GET /sensor_info HTTP/1.1" 200 16 "https://raspberrypi.local/seguimiento" "Mozilla/5.0 (X11; Linux x86_64) AppleWebKit/537.36 (KHTML, like Gecko) Chrome/61.0.3163.91 Safari/537.36"
10.2.150.101 - - [22/Sep/2017:05:35:49 +0000] "GET /sensor_info HTTP/1.1" 200 16 "https://raspberrypi.local/seguimiento" "Mozilla/5.0 (X11; Linux armv7l) AppleWebKit/537.36 (KHTML, like Gecko) Chrome/60.0.3112.89 Safari/537.36"
10.2.150.118 - - [22/Sep/2017:05:35:51 +0000] "GET /sensor_info HTTP/1.1" 200 16 "https://raspberrypi.local/seguimiento" "Mozilla/5.0 (X11; Linux x86_64) AppleWebKit/537.36 (KHTML, like Gecko) Chrome/61.0.3163.91 Safari/537.36"
10.2.150.101 - - [22/Sep/2017:05:35:51 +0000] "GET /sensor_info HTTP/1.1" 200 16 "https://raspberrypi.local/seguimiento" "Mozilla/5.0 (X11; Linux armv7l) AppleWebKit/537.36 (KHTML, like Gecko) Chrome/60.0.3112.89 Safari/537.36"
10.2.150.118 - - [22/Sep/2017:05:35:53 +0000] "GET /sensor_info HTTP/1.1" 200 16 "https://raspberrypi.local/seguimiento" "Mozilla/5.0 (X11; Linux x86_64) AppleWebKit/537.36 (KHTML, like Gecko) Chrome/61.0.3163.91 Safari/537.36"
10.2.150.101 - - [22/Sep/2017:05:35:53 +0000] "GET /sensor_info HTTP/1.1" 200 16 "https://raspberrypi.local/seguimiento" "Mozilla/5.0 (X11; Linux armv7l) AppleWebKit/537.36 (KHTML, like Gecko) Chrome/60.0.3112.89 Safari/537.36"
10.2.150.118 - - [22/Sep/2017:05:35:55 +0000] "GET /sensor_info HTTP/1.1" 200 16 "https://raspberrypi.local/seguimiento" "Mozilla/5.0 (X11; Linux x86_64) AppleWebKit/537.36 (KHTML, like Gecko) Chrome/61.0.3163.91 Safari/537.36"
10.2.150.101 - - [22/Sep/2017:05:35:55 +0000] "GET /sensor_info HTTP/1.1" 200 16 "https://raspberrypi.local/seguimiento" "Mozilla/5.0 (X11; Linux armv7l) AppleWebKit/537.36 (KHTML, like Gecko) Chrome/60.0.3112.89 Safari/537.36"
10.2.150.118 - - [22/Sep/2017:05:35:57 +0000] "GET /sensor_info HTTP/1.1" 200 16 "https://raspberrypi.local/seguimiento" "Mozilla/5.0 (X11; Linux x86_64) AppleWebKit/537.36 (KHTML, like Gecko) Chrome/61.0.3163.91 Safari/537.36"
10.2.150.101 - - [22/Sep/2017:05:35:57 +0000] "GET /sensor_info HTTP/1.1" 200 16 "https://raspberrypi.local/seguimiento" "Mozilla/5.0 (X11; Linux armv7l) AppleWebKit/537.36 (KHTML, like Gecko) Chrome/60.0.3112.89 Safari/537.36"
10.2.150.118 - - [22/Sep/2017:05:35:59 +0000] "GET /sensor_info HTTP/1.1" 200 16 "https://raspberrypi.local/seguimiento" "Mozilla/5.0 (X11; Linux x86_64) AppleWebKit/537.36 (KHTML, like Gecko) Chrome/61.0.3163.91 Safari/537.36"
10.2.150.101 - - [22/Sep/2017:05:35:59 +0000] "GET /sensor_info HTTP/1.1" 200 16 "https://raspberrypi.local/seguimiento" "Mozilla/5.0 (X11; Linux armv7l) AppleWebKit/537.36 (KHTML, like Gecko) Chrome/60.0.3112.89 Safari/537.36"
10.2.150.118 - - [22/Sep/2017:05:36:01 +0000] "GET /sensor_info HTTP/1.1" 200 16 "https://raspberrypi.local/seguimiento" "Mozilla/5.0 (X11; Linux x86_64) AppleWebKit/537.36 (KHTML, like Gecko) Chrome/61.0.3163.91 Safari/537.36"
10.2.150.101 - - [22/Sep/2017:05:36:01 +0000] "GET /sensor_info HTTP/1.1" 200 16 "https://raspberrypi.local/seguimiento" "Mozilla/5.0 (X11; Linux armv7l) AppleWebKit/537.36 (KHTML, like Gecko) Chrome/60.0.3112.89 Safari/537.36"
10.2.150.118 - - [22/Sep/2017:05:36:03 +0000] "GET /sensor_info HTTP/1.1" 200 16 "https://raspberrypi.local/seguimiento" "Mozilla/5.0 (X11; Linux x86_64) AppleWebKit/537.36 (KHTML, like Gecko) Chrome/61.0.3163.91 Safari/537.36"
10.2.150.101 - - [22/Sep/2017:05:36:03 +0000] "GET /sensor_info HTTP/1.1" 200 16 "https://raspberrypi.local/seguimiento" "Mozilla/5.0 (X11; Linux armv7l) AppleWebKit/537.36 (KHTML, like Gecko) Chrome/60.0.3112.89 Safari/537.36"
10.2.150.118 - - [22/Sep/2017:05:36:05 +0000] "GET /sensor_info HTTP/1.1" 200 16 "https://raspberrypi.local/seguimiento" "Mozilla/5.0 (X11; Linux x86_64) AppleWebKit/537.36 (KHTML, like Gecko) Chrome/61.0.3163.91 Safari/537.36"
10.2.150.101 - - [22/Sep/2017:05:36:05 +0000] "GET /sensor_info HTTP/1.1" 200 16 "https://raspberrypi.local/seguimiento" "Mozilla/5.0 (X11; Linux armv7l) AppleWebKit/537.36 (KHTML, like Gecko) Chrome/60.0.3112.89 Safari/537.36"
10.2.150.118 - - [22/Sep/2017:05:36:07 +0000] "GET /sensor_info HTTP/1.1" 200 16 "https://raspberrypi.local/seguimiento" "Mozilla/5.0 (X11; Linux x86_64) AppleWebKit/537.36 (KHTML, like Gecko) Chrome/61.0.3163.91 Safari/537.36"
10.2.150.101 - - [22/Sep/2017:05:36:07 +0000] "GET /sensor_info HTTP/1.1" 200 16 "https://raspberrypi.local/seguimiento" "Mozilla/5.0 (X11; Linux armv7l) AppleWebKit/537.36 (KHTML, like Gecko) Chrome/60.0.3112.89 Safari/537.36"
10.2.150.118 - - [22/Sep/2017:05:36:09 +0000] "GET /sensor_info HTTP/1.1" 200 16 "https://raspberrypi.local/seguimiento" "Mozilla/5.0 (X11; Linux x86_64) AppleWebKit/537.36 (KHTML, like Gecko) Chrome/61.0.3163.91 Safari/537.36"
10.2.150.101 - - [22/Sep/2017:05:36:09 +0000] "GET /sensor_info HTTP/1.1" 200 16 "https://raspberrypi.local/seguimiento" "Mozilla/5.0 (X11; Linux armv7l) AppleWebKit/537.36 (KHTML, like Gecko) Chrome/60.0.3112.89 Safari/537.36"
10.2.150.118 - - [22/Sep/2017:05:36:11 +0000] "GET /sensor_info HTTP/1.1" 200 16 "https://raspberrypi.local/seguimiento" "Mozilla/5.0 (X11; Linux x86_64) AppleWebKit/537.36 (KHTML, like Gecko) Chrome/61.0.3163.91 Safari/537.36"
10.2.150.101 - - [22/Sep/2017:05:36:11 +0000] "GET /sensor_info HTTP/1.1" 200 16 "https://raspberrypi.local/seguimiento" "Mozilla/5.0 (X11; Linux armv7l) AppleWebKit/537.36 (KHTML, like Gecko) Chrome/60.0.3112.89 Safari/537.36"
10.2.150.118 - - [22/Sep/2017:05:36:13 +0000] "GET /sensor_info HTTP/1.1" 200 16 "https://raspberrypi.local/seguimiento" "Mozilla/5.0 (X11; Linux x86_64) AppleWebKit/537.36 (KHTML, like Gecko) Chrome/61.0.3163.91 Safari/537.36"
10.2.150.101 - - [22/Sep/2017:05:36:13 +0000] "GET /sensor_info HTTP/1.1" 200 16 "https://raspberrypi.local/seguimiento" "Mozilla/5.0 (X11; Linux armv7l) AppleWebKit/537.36 (KHTML, like Gecko) Chrome/60.0.3112.89 Safari/537.36"
10.2.150.118 - - [22/Sep/2017:05:36:15 +0000] "GET /sensor_info HTTP/1.1" 200 16 "https://raspberrypi.local/seguimiento" "Mozilla/5.0 (X11; Linux x86_64) AppleWebKit/537.36 (KHTML, like Gecko) Chrome/61.0.3163.91 Safari/537.36"
10.2.150.101 - - [22/Sep/2017:05:36:15 +0000] "GET /sensor_info HTTP/1.1" 200 16 "https://raspberrypi.local/seguimiento" "Mozilla/5.0 (X11; Linux armv7l) AppleWebKit/537.36 (KHTML, like Gecko) Chrome/60.0.3112.89 Safari/537.36"
10.2.150.118 - - [22/Sep/2017:05:36:17 +0000] "GET /sensor_info HTTP/1.1" 200 16 "https://raspberrypi.local/seguimiento" "Mozilla/5.0 (X11; Linux x86_64) AppleWebKit/537.36 (KHTML, like Gecko) Chrome/61.0.3163.91 Safari/537.36"
10.2.150.101 - - [22/Sep/2017:05:36:17 +0000] "GET /sensor_info HTTP/1.1" 200 16 "https://raspberrypi.local/seguimiento" "Mozilla/5.0 (X11; Linux armv7l) AppleWebKit/537.36 (KHTML, like Gecko) Chrome/60.0.3112.89 Safari/537.36"
10.2.150.118 - - [22/Sep/2017:05:36:19 +0000] "GET /sensor_info HTTP/1.1" 200 16 "https://raspberrypi.local/seguimiento" "Mozilla/5.0 (X11; Linux x86_64) AppleWebKit/537.36 (KHTML, like Gecko) Chrome/61.0.3163.91 Safari/537.36"
10.2.150.101 - - [22/Sep/2017:05:36:19 +0000] "GET /sensor_info HTTP/1.1" 200 16 "https://raspberrypi.local/seguimiento" "Mozilla/5.0 (X11; Linux armv7l) AppleWebKit/537.36 (KHTML, like Gecko) Chrome/60.0.3112.89 Safari/537.36"
10.2.150.118 - - [22/Sep/2017:05:36:21 +0000] "GET /sensor_info HTTP/1.1" 200 16 "https://raspberrypi.local/seguimiento" "Mozilla/5.0 (X11; Linux x86_64) AppleWebKit/537.36 (KHTML, like Gecko) Chrome/61.0.3163.91 Safari/537.36"
10.2.150.101 - - [22/Sep/2017:05:36:21 +0000] "GET /sensor_info HTTP/1.1" 200 16 "https://raspberrypi.local/seguimiento" "Mozilla/5.0 (X11; Linux armv7l) AppleWebKit/537.36 (KHTML, like Gecko) Chrome/60.0.3112.89 Safari/537.36"
10.2.150.118 - - [22/Sep/2017:05:36:23 +0000] "GET /sensor_info HTTP/1.1" 200 16 "https://raspberrypi.local/seguimiento" "Mozilla/5.0 (X11; Linux x86_64) AppleWebKit/537.36 (KHTML, like Gecko) Chrome/61.0.3163.91 Safari/537.36"
10.2.150.101 - - [22/Sep/2017:05:36:23 +0000] "GET /sensor_info HTTP/1.1" 200 16 "https://raspberrypi.local/seguimiento" "Mozilla/5.0 (X11; Linux armv7l) AppleWebKit/537.36 (KHTML, like Gecko) Chrome/60.0.3112.89 Safari/537.36"
10.2.150.118 - - [22/Sep/2017:05:36:25 +0000] "GET /sensor_info HTTP/1.1" 200 16 "https://raspberrypi.local/seguimiento" "Mozilla/5.0 (X11; Linux x86_64) AppleWebKit/537.36 (KHTML, like Gecko) Chrome/61.0.3163.91 Safari/537.36"
10.2.150.101 - - [22/Sep/2017:05:36:25 +0000] "GET /sensor_info HTTP/1.1" 200 16 "https://raspberrypi.local/seguimiento" "Mozilla/5.0 (X11; Linux armv7l) AppleWebKit/537.36 (KHTML, like Gecko) Chrome/60.0.3112.89 Safari/537.36"
10.2.150.118 - - [22/Sep/2017:05:36:27 +0000] "GET /sensor_info HTTP/1.1" 200 16 "https://raspberrypi.local/seguimiento" "Mozilla/5.0 (X11; Linux x86_64) AppleWebKit/537.36 (KHTML, like Gecko) Chrome/61.0.3163.91 Safari/537.36"
10.2.150.101 - - [22/Sep/2017:05:36:27 +0000] "GET /sensor_info HTTP/1.1" 200 16 "https://raspberrypi.local/seguimiento" "Mozilla/5.0 (X11; Linux armv7l) AppleWebKit/537.36 (KHTML, like Gecko) Chrome/60.0.3112.89 Safari/537.36"
10.2.150.118 - - [22/Sep/2017:05:36:28 +0000] "GET /sensor_info HTTP/1.1" 200 16 "https://raspberrypi.local/seguimiento" "Mozilla/5.0 (X11; Linux x86_64) AppleWebKit/537.36 (KHTML, like Gecko) Chrome/61.0.3163.91 Safari/537.36"
10.2.150.101 - - [22/Sep/2017:05:36:29 +0000] "GET /sensor_info HTTP/1.1" 200 16 "https://raspberrypi.local/seguimiento" "Mozilla/5.0 (X11; Linux armv7l) AppleWebKit/537.36 (KHTML, like Gecko) Chrome/60.0.3112.89 Safari/537.36"
10.2.150.118 - - [22/Sep/2017:05:36:30 +0000] "GET /sensor_info HTTP/1.1" 200 16 "https://raspberrypi.local/seguimiento" "Mozilla/5.0 (X11; Linux x86_64) AppleWebKit/537.36 (KHTML, like Gecko) Chrome/61.0.3163.91 Safari/537.36"
10.2.150.101 - - [22/Sep/2017:05:36:31 +0000] "GET /sensor_info HTTP/1.1" 200 16 "https://raspberrypi.local/seguimiento" "Mozilla/5.0 (X11; Linux armv7l) AppleWebKit/537.36 (KHTML, like Gecko) Chrome/60.0.3112.89 Safari/537.36"
10.2.150.101 - - [22/Sep/2017:05:36:33 +0000] "GET /sensor_info HTTP/1.1" 200 16 "https://raspberrypi.local/seguimiento" "Mozilla/5.0 (X11; Linux armv7l) AppleWebKit/537.36 (KHTML, like Gecko) Chrome/60.0.3112.89 Safari/537.36"
10.2.150.101 - - [22/Sep/2017:05:36:35 +0000] "GET /sensor_info HTTP/1.1" 200 16 "https://raspberrypi.local/seguimiento" "Mozilla/5.0 (X11; Linux armv7l) AppleWebKit/537.36 (KHTML, like Gecko) Chrome/60.0.3112.89 Safari/537.36"
10.2.150.101 - - [22/Sep/2017:05:36:37 +0000] "GET /sensor_info HTTP/1.1" 200 16 "https://raspberrypi.local/seguimiento" "Mozilla/5.0 (X11; Linux armv7l) AppleWebKit/537.36 (KHTML, like Gecko) Chrome/60.0.3112.89 Safari/537.36"
10.2.150.101 - - [22/Sep/2017:05:36:39 +0000] "GET /sensor_info HTTP/1.1" 200 16 "https://raspberrypi.local/seguimiento" "Mozilla/5.0 (X11; Linux armv7l) AppleWebKit/537.36 (KHTML, like Gecko) Chrome/60.0.3112.89 Safari/537.36"
10.2.150.118 - - [22/Sep/2017:05:36:40 +0000] "GET / HTTP/1.1" 200 2397 "-" "Mozilla/5.0 (X11; Linux x86_64) AppleWebKit/537.36 (KHTML, like Gecko) Chrome/61.0.3163.91 Safari/537.36"
10.2.150.118 - - [22/Sep/2017:05:36:40 +0000] "GET /stylesheets/foundation.css HTTP/1.1" 200 157023 "https://raspberrypi.local/" "Mozilla/5.0 (X11; Linux x86_64) AppleWebKit/537.36 (KHTML, like Gecko) Chrome/61.0.3163.91 Safari/537.36"
10.2.150.118 - - [22/Sep/2017:05:36:40 +0000] "GET /stylesheets/custom.css HTTP/1.1" 200 741 "https://raspberrypi.local/" "Mozilla/5.0 (X11; Linux x86_64) AppleWebKit/537.36 (KHTML, like Gecko) Chrome/61.0.3163.91 Safari/537.36"
10.2.150.118 - - [22/Sep/2017:05:36:40 +0000] "GET /javascripts/vendor/modernizr.js HTTP/1.1" 200 11262 "https://raspberrypi.local/" "Mozilla/5.0 (X11; Linux x86_64) AppleWebKit/537.36 (KHTML, like Gecko) Chrome/61.0.3163.91 Safari/537.36"
10.2.150.118 - - [22/Sep/2017:05:36:40 +0000] "GET /javascripts/vendor/jquery.js HTTP/1.1" 200 84621 "https://raspberrypi.local/" "Mozilla/5.0 (X11; Linux x86_64) AppleWebKit/537.36 (KHTML, like Gecko) Chrome/61.0.3163.91 Safari/537.36"
10.2.150.118 - - [22/Sep/2017:05:36:40 +0000] "GET /javascripts/jquery.js HTTP/1.1" 200 84245 "https://raspberrypi.local/" "Mozilla/5.0 (X11; Linux x86_64) AppleWebKit/537.36 (KHTML, like Gecko) Chrome/61.0.3163.91 Safari/537.36"
10.2.150.118 - - [22/Sep/2017:05:36:40 +0000] "GET /javascripts/foundation.min.js HTTP/1.1" 200 92525 "https://raspberrypi.local/" "Mozilla/5.0 (X11; Linux x86_64) AppleWebKit/537.36 (KHTML, like Gecko) Chrome/61.0.3163.91 Safari/537.36"
10.2.150.118 - - [22/Sep/2017:05:36:41 +0000] "GET /images/logo.png HTTP/1.1" 200 22553 "https://raspberrypi.local/" "Mozilla/5.0 (X11; Linux x86_64) AppleWebKit/537.36 (KHTML, like Gecko) Chrome/61.0.3163.91 Safari/537.36"
10.2.150.118 - - [22/Sep/2017:05:36:41 +0000] "GET /favicon.ico HTTP/1.1" 404 18 "https://raspberrypi.local/" "Mozilla/5.0 (X11; Linux x86_64) AppleWebKit/537.36 (KHTML, like Gecko) Chrome/61.0.3163.91 Safari/537.36"
10.2.150.101 - - [22/Sep/2017:05:36:41 +0000] "GET /sensor_info HTTP/1.1" 200 16 "https://raspberrypi.local/seguimiento" "Mozilla/5.0 (X11; Linux armv7l) AppleWebKit/537.36 (KHTML, like Gecko) Chrome/60.0.3112.89 Safari/537.36"
10.2.150.118 - - [22/Sep/2017:05:36:42 +0000] "GET /registrar HTTP/1.1" 200 4633 "https://raspberrypi.local/" "Mozilla/5.0 (X11; Linux x86_64) AppleWebKit/537.36 (KHTML, like Gecko) Chrome/61.0.3163.91 Safari/537.36"
10.2.150.118 - - [22/Sep/2017:05:36:42 +0000] "GET /stylesheets/custom.css HTTP/1.1" 200 741 "https://raspberrypi.local/registrar" "Mozilla/5.0 (X11; Linux x86_64) AppleWebKit/537.36 (KHTML, like Gecko) Chrome/61.0.3163.91 Safari/537.36"
10.2.150.118 - - [22/Sep/2017:05:36:42 +0000] "GET /stylesheets/foundation.css HTTP/1.1" 200 157023 "https://raspberrypi.local/registrar" "Mozilla/5.0 (X11; Linux x86_64) AppleWebKit/537.36 (KHTML, like Gecko) Chrome/61.0.3163.91 Safari/537.36"
10.2.150.101 - - [22/Sep/2017:05:36:43 +0000] "GET /sensor_info HTTP/1.1" 200 16 "https://raspberrypi.local/seguimiento" "Mozilla/5.0 (X11; Linux armv7l) AppleWebKit/537.36 (KHTML, like Gecko) Chrome/60.0.3112.89 Safari/537.36"
10.2.150.101 - - [22/Sep/2017:05:36:45 +0000] "GET /sensor_info HTTP/1.1" 200 16 "https://raspberrypi.local/seguimiento" "Mozilla/5.0 (X11; Linux armv7l) AppleWebKit/537.36 (KHTML, like Gecko) Chrome/60.0.3112.89 Safari/537.36"
10.2.150.101 - - [22/Sep/2017:05:36:47 +0000] "GET /sensor_info HTTP/1.1" 200 16 "https://raspberrypi.local/seguimiento" "Mozilla/5.0 (X11; Linux armv7l) AppleWebKit/537.36 (KHTML, like Gecko) Chrome/60.0.3112.89 Safari/537.36"
10.2.150.101 - - [22/Sep/2017:05:36:49 +0000] "GET /sensor_info HTTP/1.1" 200 16 "https://raspberrypi.local/seguimiento" "Mozilla/5.0 (X11; Linux armv7l) AppleWebKit/537.36 (KHTML, like Gecko) Chrome/60.0.3112.89 Safari/537.36"
10.2.150.101 - - [22/Sep/2017:05:36:51 +0000] "GET /sensor_info HTTP/1.1" 200 16 "https://raspberrypi.local/seguimiento" "Mozilla/5.0 (X11; Linux armv7l) AppleWebKit/537.36 (KHTML, like Gecko) Chrome/60.0.3112.89 Safari/537.36"
10.2.150.101 - - [22/Sep/2017:05:36:53 +0000] "GET /sensor_info HTTP/1.1" 200 16 "https://raspberrypi.local/seguimiento" "Mozilla/5.0 (X11; Linux armv7l) AppleWebKit/537.36 (KHTML, like Gecko) Chrome/60.0.3112.89 Safari/537.36"
10.2.150.101 - - [22/Sep/2017:05:36:55 +0000] "GET /sensor_info HTTP/1.1" 200 16 "https://raspberrypi.local/seguimiento" "Mozilla/5.0 (X11; Linux armv7l) AppleWebKit/537.36 (KHTML, like Gecko) Chrome/60.0.3112.89 Safari/537.36"
10.2.150.101 - - [22/Sep/2017:05:36:57 +0000] "GET /sensor_info HTTP/1.1" 200 16 "https://raspberrypi.local/seguimiento" "Mozilla/5.0 (X11; Linux armv7l) AppleWebKit/537.36 (KHTML, like Gecko) Chrome/60.0.3112.89 Safari/537.36"
10.2.150.101 - - [22/Sep/2017:05:36:59 +0000] "GET /sensor_info HTTP/1.1" 200 16 "https://raspberrypi.local/seguimiento" "Mozilla/5.0 (X11; Linux armv7l) AppleWebKit/537.36 (KHTML, like Gecko) Chrome/60.0.3112.89 Safari/537.36"
10.2.150.101 - - [22/Sep/2017:05:37:01 +0000] "GET /sensor_info HTTP/1.1" 200 16 "https://raspberrypi.local/seguimiento" "Mozilla/5.0 (X11; Linux armv7l) AppleWebKit/537.36 (KHTML, like Gecko) Chrome/60.0.3112.89 Safari/537.36"
10.2.150.101 - - [22/Sep/2017:05:37:03 +0000] "GET /sensor_info HTTP/1.1" 200 16 "https://raspberrypi.local/seguimiento" "Mozilla/5.0 (X11; Linux armv7l) AppleWebKit/537.36 (KHTML, like Gecko) Chrome/60.0.3112.89 Safari/537.36"
10.2.150.101 - - [22/Sep/2017:05:37:05 +0000] "GET /sensor_info HTTP/1.1" 200 16 "https://raspberrypi.local/seguimiento" "Mozilla/5.0 (X11; Linux armv7l) AppleWebKit/537.36 (KHTML, like Gecko) Chrome/60.0.3112.89 Safari/537.36"
10.2.150.101 - - [22/Sep/2017:05:37:07 +0000] "GET /sensor_info HTTP/1.1" 200 16 "https://raspberrypi.local/seguimiento" "Mozilla/5.0 (X11; Linux armv7l) AppleWebKit/537.36 (KHTML, like Gecko) Chrome/60.0.3112.89 Safari/537.36"
10.2.150.101 - - [22/Sep/2017:05:37:09 +0000] "GET /sensor_info HTTP/1.1" 200 16 "https://raspberrypi.local/seguimiento" "Mozilla/5.0 (X11; Linux armv7l) AppleWebKit/537.36 (KHTML, like Gecko) Chrome/60.0.3112.89 Safari/537.36"
10.2.150.101 - - [22/Sep/2017:05:37:11 +0000] "GET /sensor_info HTTP/1.1" 200 16 "https://raspberrypi.local/seguimiento" "Mozilla/5.0 (X11; Linux armv7l) AppleWebKit/537.36 (KHTML, like Gecko) Chrome/60.0.3112.89 Safari/537.36"
10.2.150.101 - - [22/Sep/2017:05:37:13 +0000] "GET /sensor_info HTTP/1.1" 200 16 "https://raspberrypi.local/seguimiento" "Mozilla/5.0 (X11; Linux armv7l) AppleWebKit/537.36 (KHTML, like Gecko) Chrome/60.0.3112.89 Safari/537.36"
10.2.150.101 - - [22/Sep/2017:05:37:16 +0000] "GET /sensor_info HTTP/1.1" 200 16 "https://raspberrypi.local/seguimiento" "Mozilla/5.0 (X11; Linux armv7l) AppleWebKit/537.36 (KHTML, like Gecko) Chrome/60.0.3112.89 Safari/537.36"
10.2.150.101 - - [22/Sep/2017:05:37:17 +0000] "GET /sensor_info HTTP/1.1" 200 16 "https://raspberrypi.local/seguimiento" "Mozilla/5.0 (X11; Linux armv7l) AppleWebKit/537.36 (KHTML, like Gecko) Chrome/60.0.3112.89 Safari/537.36"
10.2.150.101 - - [22/Sep/2017:05:37:19 +0000] "GET /sensor_info HTTP/1.1" 200 16 "https://raspberrypi.local/seguimiento" "Mozilla/5.0 (X11; Linux armv7l) AppleWebKit/537.36 (KHTML, like Gecko) Chrome/60.0.3112.89 Safari/537.36"
10.2.150.101 - - [22/Sep/2017:05:37:21 +0000] "GET /sensor_info HTTP/1.1" 200 16 "https://raspberrypi.local/seguimiento" "Mozilla/5.0 (X11; Linux armv7l) AppleWebKit/537.36 (KHTML, like Gecko) Chrome/60.0.3112.89 Safari/537.36"
10.2.150.101 - - [22/Sep/2017:05:37:23 +0000] "GET /sensor_info HTTP/1.1" 200 16 "https://raspberrypi.local/seguimiento" "Mozilla/5.0 (X11; Linux armv7l) AppleWebKit/537.36 (KHTML, like Gecko) Chrome/60.0.3112.89 Safari/537.36"
10.2.150.101 - - [22/Sep/2017:05:37:25 +0000] "GET /sensor_info HTTP/1.1" 200 16 "https://raspberrypi.local/seguimiento" "Mozilla/5.0 (X11; Linux armv7l) AppleWebKit/537.36 (KHTML, like Gecko) Chrome/60.0.3112.89 Safari/537.36"
10.2.150.101 - - [22/Sep/2017:05:37:27 +0000] "GET /sensor_info HTTP/1.1" 200 16 "https://raspberrypi.local/seguimiento" "Mozilla/5.0 (X11; Linux armv7l) AppleWebKit/537.36 (KHTML, like Gecko) Chrome/60.0.3112.89 Safari/537.36"
10.2.150.101 - - [22/Sep/2017:05:37:29 +0000] "GET /sensor_info HTTP/1.1" 200 16 "https://raspberrypi.local/seguimiento" "Mozilla/5.0 (X11; Linux armv7l) AppleWebKit/537.36 (KHTML, like Gecko) Chrome/60.0.3112.89 Safari/537.36"
10.2.150.101 - - [22/Sep/2017:05:37:31 +0000] "GET /sensor_info HTTP/1.1" 200 16 "https://raspberrypi.local/seguimiento" "Mozilla/5.0 (X11; Linux armv7l) AppleWebKit/537.36 (KHTML, like Gecko) Chrome/60.0.3112.89 Safari/537.36"
10.2.150.101 - - [22/Sep/2017:05:37:33 +0000] "GET /sensor_info HTTP/1.1" 200 16 "https://raspberrypi.local/seguimiento" "Mozilla/5.0 (X11; Linux armv7l) AppleWebKit/537.36 (KHTML, like Gecko) Chrome/60.0.3112.89 Safari/537.36"
10.2.150.101 - - [22/Sep/2017:05:37:35 +0000] "GET /sensor_info HTTP/1.1" 200 16 "https://raspberrypi.local/seguimiento" "Mozilla/5.0 (X11; Linux armv7l) AppleWebKit/537.36 (KHTML, like Gecko) Chrome/60.0.3112.89 Safari/537.36"
10.2.150.101 - - [22/Sep/2017:05:37:37 +0000] "GET /sensor_info HTTP/1.1" 200 16 "https://raspberrypi.local/seguimiento" "Mozilla/5.0 (X11; Linux armv7l) AppleWebKit/537.36 (KHTML, like Gecko) Chrome/60.0.3112.89 Safari/537.36"
10.2.150.101 - - [22/Sep/2017:05:37:39 +0000] "GET /sensor_info HTTP/1.1" 200 16 "https://raspberrypi.local/seguimiento" "Mozilla/5.0 (X11; Linux armv7l) AppleWebKit/537.36 (KHTML, like Gecko) Chrome/60.0.3112.89 Safari/537.36"
10.2.150.101 - - [22/Sep/2017:05:37:41 +0000] "GET /sensor_info HTTP/1.1" 200 16 "https://raspberrypi.local/seguimiento" "Mozilla/5.0 (X11; Linux armv7l) AppleWebKit/537.36 (KHTML, like Gecko) Chrome/60.0.3112.89 Safari/537.36"
10.2.150.101 - - [22/Sep/2017:05:37:43 +0000] "GET /sensor_info HTTP/1.1" 200 16 "https://raspberrypi.local/seguimiento" "Mozilla/5.0 (X11; Linux armv7l) AppleWebKit/537.36 (KHTML, like Gecko) Chrome/60.0.3112.89 Safari/537.36"
10.2.150.101 - - [22/Sep/2017:05:37:45 +0000] "GET /sensor_info HTTP/1.1" 200 16 "https://raspberrypi.local/seguimiento" "Mozilla/5.0 (X11; Linux armv7l) AppleWebKit/537.36 (KHTML, like Gecko) Chrome/60.0.3112.89 Safari/537.36"
10.2.150.101 - - [22/Sep/2017:05:37:47 +0000] "GET /sensor_info HTTP/1.1" 200 16 "https://raspberrypi.local/seguimiento" "Mozilla/5.0 (X11; Linux armv7l) AppleWebKit/537.36 (KHTML, like Gecko) Chrome/60.0.3112.89 Safari/537.36"
10.2.150.101 - - [22/Sep/2017:05:37:49 +0000] "GET /sensor_info HTTP/1.1" 200 16 "https://raspberrypi.local/seguimiento" "Mozilla/5.0 (X11; Linux armv7l) AppleWebKit/537.36 (KHTML, like Gecko) Chrome/60.0.3112.89 Safari/537.36"
10.2.150.101 - - [22/Sep/2017:05:37:51 +0000] "GET /sensor_info HTTP/1.1" 200 16 "https://raspberrypi.local/seguimiento" "Mozilla/5.0 (X11; Linux armv7l) AppleWebKit/537.36 (KHTML, like Gecko) Chrome/60.0.3112.89 Safari/537.36"
10.2.150.101 - - [22/Sep/2017:05:37:53 +0000] "GET /sensor_info HTTP/1.1" 200 16 "https://raspberrypi.local/seguimiento" "Mozilla/5.0 (X11; Linux armv7l) AppleWebKit/537.36 (KHTML, like Gecko) Chrome/60.0.3112.89 Safari/537.36"
10.2.150.101 - - [22/Sep/2017:05:37:55 +0000] "GET /sensor_info HTTP/1.1" 200 16 "https://raspberrypi.local/seguimiento" "Mozilla/5.0 (X11; Linux armv7l) AppleWebKit/537.36 (KHTML, like Gecko) Chrome/60.0.3112.89 Safari/537.36"
10.2.150.101 - - [22/Sep/2017:05:37:57 +0000] "GET /sensor_info HTTP/1.1" 200 16 "https://raspberrypi.local/seguimiento" "Mozilla/5.0 (X11; Linux armv7l) AppleWebKit/537.36 (KHTML, like Gecko) Chrome/60.0.3112.89 Safari/537.36"
10.2.150.101 - - [22/Sep/2017:05:37:59 +0000] "GET /sensor_info HTTP/1.1" 200 16 "https://raspberrypi.local/seguimiento" "Mozilla/5.0 (X11; Linux armv7l) AppleWebKit/537.36 (KHTML, like Gecko) Chrome/60.0.3112.89 Safari/537.36"
10.2.150.101 - - [22/Sep/2017:05:38:01 +0000] "GET /sensor_info HTTP/1.1" 200 16 "https://raspberrypi.local/seguimiento" "Mozilla/5.0 (X11; Linux armv7l) AppleWebKit/537.36 (KHTML, like Gecko) Chrome/60.0.3112.89 Safari/537.36"
10.2.150.101 - - [22/Sep/2017:05:38:03 +0000] "GET /sensor_info HTTP/1.1" 200 16 "https://raspberrypi.local/seguimiento" "Mozilla/5.0 (X11; Linux armv7l) AppleWebKit/537.36 (KHTML, like Gecko) Chrome/60.0.3112.89 Safari/537.36"
10.2.150.101 - - [22/Sep/2017:05:38:05 +0000] "GET /sensor_info HTTP/1.1" 200 16 "https://raspberrypi.local/seguimiento" "Mozilla/5.0 (X11; Linux armv7l) AppleWebKit/537.36 (KHTML, like Gecko) Chrome/60.0.3112.89 Safari/537.36"
10.2.150.101 - - [22/Sep/2017:05:38:07 +0000] "GET /sensor_info HTTP/1.1" 200 16 "https://raspberrypi.local/seguimiento" "Mozilla/5.0 (X11; Linux armv7l) AppleWebKit/537.36 (KHTML, like Gecko) Chrome/60.0.3112.89 Safari/537.36"
10.2.150.101 - - [22/Sep/2017:05:38:09 +0000] "GET /sensor_info HTTP/1.1" 200 16 "https://raspberrypi.local/seguimiento" "Mozilla/5.0 (X11; Linux armv7l) AppleWebKit/537.36 (KHTML, like Gecko) Chrome/60.0.3112.89 Safari/537.36"
10.2.150.101 - - [22/Sep/2017:05:38:11 +0000] "GET /sensor_info HTTP/1.1" 200 16 "https://raspberrypi.local/seguimiento" "Mozilla/5.0 (X11; Linux armv7l) AppleWebKit/537.36 (KHTML, like Gecko) Chrome/60.0.3112.89 Safari/537.36"
10.2.150.101 - - [22/Sep/2017:05:38:13 +0000] "GET /sensor_info HTTP/1.1" 200 16 "https://raspberrypi.local/seguimiento" "Mozilla/5.0 (X11; Linux armv7l) AppleWebKit/537.36 (KHTML, like Gecko) Chrome/60.0.3112.89 Safari/537.36"
10.2.150.101 - - [22/Sep/2017:05:38:15 +0000] "GET /sensor_info HTTP/1.1" 200 16 "https://raspberrypi.local/seguimiento" "Mozilla/5.0 (X11; Linux armv7l) AppleWebKit/537.36 (KHTML, like Gecko) Chrome/60.0.3112.89 Safari/537.36"
10.2.150.101 - - [22/Sep/2017:05:38:17 +0000] "GET /sensor_info HTTP/1.1" 200 16 "https://raspberrypi.local/seguimiento" "Mozilla/5.0 (X11; Linux armv7l) AppleWebKit/537.36 (KHTML, like Gecko) Chrome/60.0.3112.89 Safari/537.36"
10.2.150.101 - - [22/Sep/2017:05:38:19 +0000] "GET /sensor_info HTTP/1.1" 200 16 "https://raspberrypi.local/seguimiento" "Mozilla/5.0 (X11; Linux armv7l) AppleWebKit/537.36 (KHTML, like Gecko) Chrome/60.0.3112.89 Safari/537.36"
10.2.150.101 - - [22/Sep/2017:05:38:21 +0000] "GET /sensor_info HTTP/1.1" 200 16 "https://raspberrypi.local/seguimiento" "Mozilla/5.0 (X11; Linux armv7l) AppleWebKit/537.36 (KHTML, like Gecko) Chrome/60.0.3112.89 Safari/537.36"
10.2.150.101 - - [22/Sep/2017:05:38:23 +0000] "GET /sensor_info HTTP/1.1" 200 16 "https://raspberrypi.local/seguimiento" "Mozilla/5.0 (X11; Linux armv7l) AppleWebKit/537.36 (KHTML, like Gecko) Chrome/60.0.3112.89 Safari/537.36"
10.2.150.101 - - [22/Sep/2017:05:38:25 +0000] "GET /sensor_info HTTP/1.1" 200 16 "https://raspberrypi.local/seguimiento" "Mozilla/5.0 (X11; Linux armv7l) AppleWebKit/537.36 (KHTML, like Gecko) Chrome/60.0.3112.89 Safari/537.36"
10.2.150.101 - - [22/Sep/2017:05:38:27 +0000] "GET /sensor_info HTTP/1.1" 200 16 "https://raspberrypi.local/seguimiento" "Mozilla/5.0 (X11; Linux armv7l) AppleWebKit/537.36 (KHTML, like Gecko) Chrome/60.0.3112.89 Safari/537.36"
10.2.150.101 - - [22/Sep/2017:05:38:29 +0000] "GET /sensor_info HTTP/1.1" 200 16 "https://raspberrypi.local/seguimiento" "Mozilla/5.0 (X11; Linux armv7l) AppleWebKit/537.36 (KHTML, like Gecko) Chrome/60.0.3112.89 Safari/537.36"
10.2.150.101 - - [22/Sep/2017:05:38:31 +0000] "GET /sensor_info HTTP/1.1" 200 16 "https://raspberrypi.local/seguimiento" "Mozilla/5.0 (X11; Linux armv7l) AppleWebKit/537.36 (KHTML, like Gecko) Chrome/60.0.3112.89 Safari/537.36"
10.2.150.101 - - [22/Sep/2017:05:38:33 +0000] "GET /sensor_info HTTP/1.1" 200 16 "https://raspberrypi.local/seguimiento" "Mozilla/5.0 (X11; Linux armv7l) AppleWebKit/537.36 (KHTML, like Gecko) Chrome/60.0.3112.89 Safari/537.36"
10.2.150.101 - - [22/Sep/2017:05:38:35 +0000] "GET /sensor_info HTTP/1.1" 200 16 "https://raspberrypi.local/seguimiento" "Mozilla/5.0 (X11; Linux armv7l) AppleWebKit/537.36 (KHTML, like Gecko) Chrome/60.0.3112.89 Safari/537.36"
10.2.150.101 - - [22/Sep/2017:05:38:37 +0000] "GET /sensor_info HTTP/1.1" 200 16 "https://raspberrypi.local/seguimiento" "Mozilla/5.0 (X11; Linux armv7l) AppleWebKit/537.36 (KHTML, like Gecko) Chrome/60.0.3112.89 Safari/537.36"
10.2.150.101 - - [22/Sep/2017:05:38:39 +0000] "GET /sensor_info HTTP/1.1" 200 16 "https://raspberrypi.local/seguimiento" "Mozilla/5.0 (X11; Linux armv7l) AppleWebKit/537.36 (KHTML, like Gecko) Chrome/60.0.3112.89 Safari/537.36"
10.2.150.101 - - [22/Sep/2017:05:38:41 +0000] "GET /sensor_info HTTP/1.1" 200 16 "https://raspberrypi.local/seguimiento" "Mozilla/5.0 (X11; Linux armv7l) AppleWebKit/537.36 (KHTML, like Gecko) Chrome/60.0.3112.89 Safari/537.36"
10.2.150.101 - - [22/Sep/2017:05:38:43 +0000] "GET /sensor_info HTTP/1.1" 200 16 "https://raspberrypi.local/seguimiento" "Mozilla/5.0 (X11; Linux armv7l) AppleWebKit/537.36 (KHTML, like Gecko) Chrome/60.0.3112.89 Safari/537.36"
10.2.150.101 - - [22/Sep/2017:05:38:45 +0000] "GET /sensor_info HTTP/1.1" 200 16 "https://raspberrypi.local/seguimiento" "Mozilla/5.0 (X11; Linux armv7l) AppleWebKit/537.36 (KHTML, like Gecko) Chrome/60.0.3112.89 Safari/537.36"
10.2.150.101 - - [22/Sep/2017:05:38:47 +0000] "GET /sensor_info HTTP/1.1" 200 16 "https://raspberrypi.local/seguimiento" "Mozilla/5.0 (X11; Linux armv7l) AppleWebKit/537.36 (KHTML, like Gecko) Chrome/60.0.3112.89 Safari/537.36"
10.2.150.101 - - [22/Sep/2017:05:38:49 +0000] "GET /sensor_info HTTP/1.1" 200 16 "https://raspberrypi.local/seguimiento" "Mozilla/5.0 (X11; Linux armv7l) AppleWebKit/537.36 (KHTML, like Gecko) Chrome/60.0.3112.89 Safari/537.36"
10.2.150.101 - - [22/Sep/2017:05:38:51 +0000] "GET /sensor_info HTTP/1.1" 200 16 "https://raspberrypi.local/seguimiento" "Mozilla/5.0 (X11; Linux armv7l) AppleWebKit/537.36 (KHTML, like Gecko) Chrome/60.0.3112.89 Safari/537.36"
10.2.150.101 - - [22/Sep/2017:05:38:53 +0000] "GET /sensor_info HTTP/1.1" 200 16 "https://raspberrypi.local/seguimiento" "Mozilla/5.0 (X11; Linux armv7l) AppleWebKit/537.36 (KHTML, like Gecko) Chrome/60.0.3112.89 Safari/537.36"
10.2.150.101 - - [22/Sep/2017:05:38:55 +0000] "GET /sensor_info HTTP/1.1" 200 16 "https://raspberrypi.local/seguimiento" "Mozilla/5.0 (X11; Linux armv7l) AppleWebKit/537.36 (KHTML, like Gecko) Chrome/60.0.3112.89 Safari/537.36"
10.2.150.101 - - [22/Sep/2017:05:38:57 +0000] "GET /sensor_info HTTP/1.1" 200 16 "https://raspberrypi.local/seguimiento" "Mozilla/5.0 (X11; Linux armv7l) AppleWebKit/537.36 (KHTML, like Gecko) Chrome/60.0.3112.89 Safari/537.36"
10.2.150.101 - - [22/Sep/2017:05:38:59 +0000] "GET /sensor_info HTTP/1.1" 200 16 "https://raspberrypi.local/seguimiento" "Mozilla/5.0 (X11; Linux armv7l) AppleWebKit/537.36 (KHTML, like Gecko) Chrome/60.0.3112.89 Safari/537.36"
10.2.150.101 - - [22/Sep/2017:05:39:01 +0000] "GET /sensor_info HTTP/1.1" 200 16 "https://raspberrypi.local/seguimiento" "Mozilla/5.0 (X11; Linux armv7l) AppleWebKit/537.36 (KHTML, like Gecko) Chrome/60.0.3112.89 Safari/537.36"
10.2.150.101 - - [22/Sep/2017:05:39:03 +0000] "GET /sensor_info HTTP/1.1" 200 16 "https://raspberrypi.local/seguimiento" "Mozilla/5.0 (X11; Linux armv7l) AppleWebKit/537.36 (KHTML, like Gecko) Chrome/60.0.3112.89 Safari/537.36"
10.2.150.101 - - [22/Sep/2017:05:39:05 +0000] "GET /sensor_info HTTP/1.1" 200 16 "https://raspberrypi.local/seguimiento" "Mozilla/5.0 (X11; Linux armv7l) AppleWebKit/537.36 (KHTML, like Gecko) Chrome/60.0.3112.89 Safari/537.36"
10.2.150.101 - - [22/Sep/2017:05:39:07 +0000] "GET /sensor_info HTTP/1.1" 200 16 "https://raspberrypi.local/seguimiento" "Mozilla/5.0 (X11; Linux armv7l) AppleWebKit/537.36 (KHTML, like Gecko) Chrome/60.0.3112.89 Safari/537.36"
10.2.150.101 - - [22/Sep/2017:05:39:09 +0000] "GET /sensor_info HTTP/1.1" 200 16 "https://raspberrypi.local/seguimiento" "Mozilla/5.0 (X11; Linux armv7l) AppleWebKit/537.36 (KHTML, like Gecko) Chrome/60.0.3112.89 Safari/537.36"
10.2.150.101 - - [22/Sep/2017:05:39:11 +0000] "GET /sensor_info HTTP/1.1" 200 16 "https://raspberrypi.local/seguimiento" "Mozilla/5.0 (X11; Linux armv7l) AppleWebKit/537.36 (KHTML, like Gecko) Chrome/60.0.3112.89 Safari/537.36"
10.2.150.101 - - [22/Sep/2017:05:39:13 +0000] "GET /sensor_info HTTP/1.1" 200 16 "https://raspberrypi.local/seguimiento" "Mozilla/5.0 (X11; Linux armv7l) AppleWebKit/537.36 (KHTML, like Gecko) Chrome/60.0.3112.89 Safari/537.36"
10.2.150.101 - - [22/Sep/2017:05:39:15 +0000] "GET /sensor_info HTTP/1.1" 200 16 "https://raspberrypi.local/seguimiento" "Mozilla/5.0 (X11; Linux armv7l) AppleWebKit/537.36 (KHTML, like Gecko) Chrome/60.0.3112.89 Safari/537.36"
10.2.150.101 - - [22/Sep/2017:05:39:17 +0000] "GET /sensor_info HTTP/1.1" 200 16 "https://raspberrypi.local/seguimiento" "Mozilla/5.0 (X11; Linux armv7l) AppleWebKit/537.36 (KHTML, like Gecko) Chrome/60.0.3112.89 Safari/537.36"
10.2.150.101 - - [22/Sep/2017:05:39:19 +0000] "GET /sensor_info HTTP/1.1" 200 16 "https://raspberrypi.local/seguimiento" "Mozilla/5.0 (X11; Linux armv7l) AppleWebKit/537.36 (KHTML, like Gecko) Chrome/60.0.3112.89 Safari/537.36"
